2026-08-20 12:30:45,449 | INFO | ============================================================
2026-08-20 12:30:45,450 | INFO | STATEMENT EXECUTION STARTED
2026-08-20 12:30:45,451 | INFO | Mode: DRY RUN
2026-08-20 12:30:45,451 | INFO | Statements: 5
2026-08-20 12:30:45,452 | INFO | ============================================================
2026-08-20 12:30:45,452 | INFO | [1/5] Create database RESORT_DB
2026-08-20 12:30:45,453 | INFO | SQL: CREATE DATABASE IF NOT EXISTS RESORT_DB
2026-08-20 12:30:45,453 | INFO | DRY RUN SUCCESS | Create database RESORT_DB
2026-08-20 12:30:45,454 | INFO | [2/5] Create schema RESORT_DB.BRONZE
2026-08-20 12:30:45,454 | INFO | SQL: CREATE SCHEMA IF NOT EXISTS RESORT_DB.BRONZE
2026-08-20 12:30:45,454 | INFO | DRY RUN SUCCESS | Create schema RESORT_DB.BRONZE
2026-08-20 12:30:45,455 | INFO | [3/5] Create schema RESORT_DB.SILVER
2026-08-20 12:30:45,455 | INFO | SQL: CREATE SCHEMA IF NOT EXISTS RESORT_DB.SILVER
2026-08-20 12:30:45,456 | INFO | DRY RUN SUCCESS | Create schema RESORT_DB.SILVER
2026-08-20 12:30:45,456 | INFO | [4/5] Create schema RESORT_DB.GOLD
2026-08-20 12:30:45,457 | INFO | SQL: CREATE SCHEMA IF NOT EXISTS RESORT_DB.GOLD
2026-08-20 12:30:45,457 | INFO | DRY RUN SUCCESS | Create schema RESORT_DB.GOLD
2026-08-20 12:30:45,458 | INFO | [5/5] Create schema RESORT_DB.PLATINUM
2026-08-20 12:30:45,458 | INFO | SQL: CREATE SCHEMA IF NOT EXISTS RESORT_DB.PLATINUM
2026-08-20 12:30:45,458 | INFO | DRY RUN SUCCESS | Create schema RESORT_DB.PLATINUM
2026-08-20 12:30:45,459 | INFO | ============================================================
2026-08-20 12:30:45,459 | INFO | DEPLOYMENT SUMMARY
2026-08-20 12:30:45,460 | INFO | Successes: 5
2026-08-20 12:30:45,460 | INFO | Failures: 0
2026-08-20 12:30:45,460 | INFO | Log file: /snowflake/stages/user__public_default_/snowflake_automation/logs/deployment_20260820_123045.log
2026-08-20 12:30:45,461 | INFO | ============================================================
