2026-08-20 12:30:36,823 | INFO | ============================================================
2026-08-20 12:30:36,824 | INFO | DEPLOYMENT STARTED
2026-08-20 12:30:36,825 | INFO | Mode: DRY RUN
2026-08-20 12:30:36,825 | INFO | Views to deploy: 3
2026-08-20 12:30:36,826 | INFO | ============================================================
2026-08-20 12:30:36,827 | INFO | [1/3] Deploying: AGG_MONTHLY_REVENUE
2026-08-20 12:30:36,827 | INFO | Generated SQL:
CREATE OR REPLACE VIEW ECOMMERCE_DB.GOLD.AGG_MONTHLY_REVENUE
AS
SELECT
    DATE_TRUNC('MONTH', f.ORDER_DATE) AS ORDER_MONTH,
    COUNT(f.ORDER_ID) AS TOTAL_ORDERS,
    ROUND(SUM(f.TOTAL_REVENUE), 2) AS TOTAL_REVENUE,
    ROUND(AVG(f.TOTAL_REVENUE), 2) AS AVG_ORDER_VALUE
FROM ECOMMERCE_DB.GOLD.FACT_ORDERS f
WHERE f.ORDER_STATUS = 'delivered'
GROUP BY
    DATE_TRUNC('MONTH', f.ORDER_DATE);

COMMENT ON VIEW ECOMMERCE_DB.GOLD.AGG_MONTHLY_REVENUE IS 'Monthly revenue aggregation for trend analysis'
2026-08-20 12:30:36,827 | INFO | DRY RUN SUCCESS | AGG_MONTHLY_REVENUE
2026-08-20 12:30:36,828 | INFO | [2/3] Deploying: AGG_REVENUE_BY_CATEGORY
2026-08-20 12:30:36,828 | INFO | Generated SQL:
CREATE OR REPLACE VIEW ECOMMERCE_DB.GOLD.AGG_REVENUE_BY_CATEGORY
AS
SELECT
    COALESCE(fi.PRODUCT_CATEGORY, 'unknown') AS PRODUCT_CATEGORY,
    COUNT(DISTINCT fi.ORDER_ID) AS TOTAL_ORDERS,
    ROUND(SUM(fi.PRICE), 2) AS TOTAL_REVENUE,
    ROUND(AVG(fi.PRICE), 2) AS AVG_PRICE,
    COUNT(DISTINCT fi.SELLER_ID) AS SELLER_COUNT
FROM ECOMMERCE_DB.GOLD.FACT_ORDER_ITEMS fi
WHERE fi.ORDER_STATUS = 'delivered'
GROUP BY
    COALESCE(fi.PRODUCT_CATEGORY, 'unknown');

COMMENT ON VIEW ECOMMERCE_DB.GOLD.AGG_REVENUE_BY_CATEGORY IS 'Revenue breakdown by product category'
2026-08-20 12:30:36,829 | INFO | DRY RUN SUCCESS | AGG_REVENUE_BY_CATEGORY
2026-08-20 12:30:36,829 | INFO | [3/3] Deploying: AGG_DELIVERY_BY_STATE
2026-08-20 12:30:36,830 | INFO | Generated SQL:
CREATE OR REPLACE VIEW ECOMMERCE_DB.GOLD.AGG_DELIVERY_BY_STATE
AS
SELECT
    c.CUSTOMER_STATE AS CUSTOMER_STATE,
    COUNT(DISTINCT f.ORDER_ID) AS TOTAL_ORDERS,
    ROUND(SUM(f.TOTAL_REVENUE), 2) AS TOTAL_REVENUE,
    COUNT(DISTINCT c.CUSTOMER_UNIQUE_ID) AS UNIQUE_CUSTOMERS
FROM ECOMMERCE_DB.GOLD.FACT_ORDERS f
  INNER JOIN ECOMMERCE_DB.GOLD.DIM_CUSTOMERS c
    ON f.CUSTOMER_ID = c.CUSTOMER_ID
WHERE f.ORDER_STATUS = 'delivered'
GROUP BY
    c.CUSTOMER_STATE;

COMMENT ON VIEW ECOMMERCE_DB.GOLD.AGG_DELIVERY_BY_STATE IS 'Delivery performance metrics by customer state'
2026-08-20 12:30:36,830 | INFO | DRY RUN SUCCESS | AGG_DELIVERY_BY_STATE
2026-08-20 12:30:36,831 | INFO | ============================================================
2026-08-20 12:30:36,831 | INFO | DEPLOYMENT SUMMARY
2026-08-20 12:30:36,832 | INFO | Successes: 3
2026-08-20 12:30:36,832 | INFO | Failures: 0
2026-08-20 12:30:36,833 | INFO | Log file: /snowflake/stages/user__public_default_/snowflake_automation/logs/deployment_20260820_123036.log
2026-08-20 12:30:36,833 | INFO | ============================================================
